== base-ab1 12:52:39 load averages: 18.45 14.10 8.71
[base-ab1 rapid run1] done errors={"exceptions":0,"consoleErrors":0,"tilesMessages":2,"logErrors":10} io: closeBeforeReady=0 closeWithUnanswered=0(0 renders) sheetClosedReplies=0 readyAfterClose=0 opens=65 closes=60 flipIdle med/max=910.5/1085ms
[base-ab1 rapid run2] done errors={"exceptions":0,"consoleErrors":0,"tilesMessages":2,"logErrors":10} io: closeBeforeReady=0 closeWithUnanswered=0(0 renders) sheetClosedReplies=0 readyAfterClose=0 opens=65 closes=60 flipIdle med/max=894/1058ms
[base-ab1 zoomed run1] done errors={"exceptions":0,"consoleErrors":0,"tilesMessages":1,"logErrors":10} io: closeBeforeReady=0 closeWithUnanswered=0(0 renders) sheetClosedReplies=0 readyAfterClose=0 opens=35 closes=30 flipIdle med/max=868/1106ms
[base-ab1 zoomed run2] done errors={"exceptions":0,"consoleErrors":0,"tilesMessages":1,"logErrors":10} io: closeBeforeReady=0 closeWithUnanswered=0(0 renders) sheetClosedReplies=0 readyAfterClose=0 opens=35 closes=30 flipIdle med/max=849.5/1069ms
[base-ab1 rapidEarly run1] done errors={"exceptions":0,"consoleErrors":0,"tilesMessages":2,"logErrors":10} io: closeBeforeReady=25 closeWithUnanswered=0(0 renders) sheetClosedReplies=0 readyAfterClose=25 opens=45 closes=40 flipIdle med/max=866.5/1049ms
[base-ab1 rapidEarly run2] done errors={"exceptions":0,"consoleErrors":0,"tilesMessages":2,"logErrors":10} io: closeBeforeReady=22 closeWithUnanswered=0(0 renders) sheetClosedReplies=0 readyAfterClose=22 opens=45 closes=45 flipIdle med/max=874.5/1131ms
== fix-ab1 12:54:58 load averages: 12.78 13.85 9.46
[fix-ab1 rapid run1] done errors={"exceptions":0,"consoleErrors":0,"tilesMessages":2,"logErrors":10} io: closeBeforeReady=0 closeWithUnanswered=0(0 renders) sheetClosedReplies=0 readyAfterClose=0 opens=65 closes=60 flipIdle med/max=873.5/1081ms
[fix-ab1 rapid run2] done errors={"exceptions":0,"consoleErrors":0,"tilesMessages":2,"logErrors":10} io: closeBeforeReady=0 closeWithUnanswered=0(0 renders) sheetClosedReplies=0 readyAfterClose=0 opens=65 closes=60 flipIdle med/max=895/1063ms
[fix-ab1 zoomed run1] done errors={"exceptions":0,"consoleErrors":0,"tilesMessages":1,"logErrors":10} io: closeBeforeReady=0 closeWithUnanswered=0(0 renders) sheetClosedReplies=0 readyAfterClose=0 opens=35 closes=30 flipIdle med/max=785/1076ms
[fix-ab1 zoomed run2] done errors={"exceptions":0,"consoleErrors":0,"tilesMessages":1,"logErrors":10} io: closeBeforeReady=0 closeWithUnanswered=0(0 renders) sheetClosedReplies=0 readyAfterClose=0 opens=35 closes=30 flipIdle med/max=766.5/989ms
[fix-ab1 rapidEarly run1] done errors={"exceptions":0,"consoleErrors":0,"tilesMessages":2,"logErrors":10} io: closeBeforeReady=15 closeWithUnanswered=0(0 renders) sheetClosedReplies=0 readyAfterClose=0 opens=45 closes=45 flipIdle med/max=898/1147ms
[fix-ab1 rapidEarly run2] done errors={"exceptions":0,"consoleErrors":0,"tilesMessages":2,"logErrors":10} io: closeBeforeReady=20 closeWithUnanswered=0(0 renders) sheetClosedReplies=0 readyAfterClose=0 opens=45 closes=45 flipIdle med/max=880.5/1148ms
== base-ab2 12:57:13 load averages: 14.91 14.79 10.52
[base-ab2 rapid run1] done errors={"exceptions":0,"consoleErrors":0,"tilesMessages":2,"logErrors":10} io: closeBeforeReady=0 closeWithUnanswered=0(0 renders) sheetClosedReplies=0 readyAfterClose=0 opens=65 closes=60 flipIdle med/max=874.5/1053ms
[base-ab2 rapid run2] done errors={"exceptions":0,"consoleErrors":0,"tilesMessages":2,"logErrors":10} io: closeBeforeReady=0 closeWithUnanswered=0(0 renders) sheetClosedReplies=0 readyAfterClose=0 opens=65 closes=60 flipIdle med/max=880/1085ms
[base-ab2 zoomed run1] done errors={"exceptions":0,"consoleErrors":0,"tilesMessages":1,"logErrors":10} io: closeBeforeReady=0 closeWithUnanswered=0(0 renders) sheetClosedReplies=0 readyAfterClose=0 opens=35 closes=30 flipIdle med/max=859.5/1082ms
[base-ab2 zoomed run2] done errors={"exceptions":0,"consoleErrors":0,"tilesMessages":1,"logErrors":10} io: closeBeforeReady=0 closeWithUnanswered=0(0 renders) sheetClosedReplies=0 readyAfterClose=0 opens=35 closes=30 flipIdle med/max=859/1086ms
[base-ab2 rapidEarly run1] done errors={"exceptions":0,"consoleErrors":0,"tilesMessages":2,"logErrors":10} io: closeBeforeReady=20 closeWithUnanswered=0(0 renders) sheetClosedReplies=0 readyAfterClose=20 opens=50 closes=45 flipIdle med/max=901/1196ms
[base-ab2 rapidEarly run2] done errors={"exceptions":0,"consoleErrors":0,"tilesMessages":2,"logErrors":10} io: closeBeforeReady=20 closeWithUnanswered=0(0 renders) sheetClosedReplies=0 readyAfterClose=20 opens=50 closes=45 flipIdle med/max=897/1173ms
== fix-ab2 12:59:28 load averages: 19.39 16.21 11.68
[fix-ab2 rapid run1] done errors={"exceptions":0,"consoleErrors":0,"tilesMessages":2,"logErrors":10} io: closeBeforeReady=0 closeWithUnanswered=0(0 renders) sheetClosedReplies=0 readyAfterClose=0 opens=65 closes=60 flipIdle med/max=901/1097ms
[fix-ab2 rapid run2] done errors={"exceptions":0,"consoleErrors":0,"tilesMessages":2,"logErrors":10} io: closeBeforeReady=0 closeWithUnanswered=0(0 renders) sheetClosedReplies=0 readyAfterClose=0 opens=65 closes=60 flipIdle med/max=900/1130ms
[fix-ab2 zoomed run1] done errors={"exceptions":0,"consoleErrors":0,"tilesMessages":1,"logErrors":10} io: closeBeforeReady=0 closeWithUnanswered=0(0 renders) sheetClosedReplies=0 readyAfterClose=0 opens=35 closes=30 flipIdle med/max=869/1077ms
[fix-ab2 zoomed run2] done errors={"exceptions":0,"consoleErrors":0,"tilesMessages":1,"logErrors":10} io: closeBeforeReady=0 closeWithUnanswered=0(0 renders) sheetClosedReplies=0 readyAfterClose=0 opens=35 closes=30 flipIdle med/max=852/1074ms
[fix-ab2 rapidEarly run1] done errors={"exceptions":0,"consoleErrors":0,"tilesMessages":2,"logErrors":10} io: closeBeforeReady=15 closeWithUnanswered=0(0 renders) sheetClosedReplies=0 readyAfterClose=0 opens=40 closes=45 flipIdle med/max=881/1153ms
[fix-ab2 rapidEarly run2] done errors={"exceptions":0,"consoleErrors":0,"tilesMessages":2,"logErrors":10} io: closeBeforeReady=31 closeWithUnanswered=0(0 renders) sheetClosedReplies=0 readyAfterClose=0 opens=50 closes=45 flipIdle med/max=902/1194ms
== end 13:01:45 load averages: 16.86 16.56 12.50
